피처 수: 128
훈련 샘플: 256,351

========================================
[1/5] LGB_base
========================================
  Fold 0: 0.73243
  Fold 1: 0.73709
  Fold 2: 0.73329
  Fold 3: 0.73156
  Fold 4: 0.73513
  ── OOF AUC: 0.73389

========================================
[2/5] LGB_shallow
========================================
  Fold 0: 0.73539
  Fold 1: 0.73996
  Fold 2: 0.73648
  Fold 3: 0.73470
  Fold 4: 0.73882
  ── OOF AUC: 0.73706

========================================
[3/5] LGB_deep
========================================
  Fold 0: 0.73257
  Fold 1: 0.73639
  Fold 2: 0.73392
  Fold 3: 0.73071
  Fold 4: 0.73475
  ── OOF AUC: 0.73366

========================================
[4/5] XGB_depth7
========================================
  Fold 0: 0.73823
  Fold 1: 0.74297
  Fold 2: 0.74040
  Fold 3: 0.73820
  Fold 4: 0.74122
  ── OOF AUC: 0.74020

========================================
[5/5] XGB_depth6
========================================
  Fold 0: 0.73812
  Fold 1: 0.74269
  Fold 2: 0.74062
  Fold 3: 0.73844
  Fold 4: 0.74128
  ── OOF AUC: 0.74023

앙상블 가중치 최적화 중...
단순 평균 OOF AUC: 0.73867
최적화 OOF AUC : 0.74037
최적 가중치    : {'LGB_base': np.float64(0.0), 'LGB_shallow': np.float64(0.0), 'LGB_deep': np.float64(0.0), 'XGB_depth7': np.float64(0.475), 'XGB_depth6': np.float64(0.525)}

==================================================
완료: v15_submission_oof0.74037_20260429_1328.csv
최종 OOF AUC: 0.74037
OOF numpy  : oof_v15_auc_0.74037.npy
Test numpy : test_v15_auc_0.74037.npy
==================================================
