Train: (256351, 80),  Test: (90067, 79)
피처 수: 79
dtypes: {'float64': 35, 'int64': 32, 'Int64': 10, 'Int8': 1, 'int8': 1}

========================================
[1/7] LGB63_s42
  Fold 0: 0.72982
  Fold 1: 0.73642
  Fold 2: 0.73119
  Fold 3: 0.72881
  Fold 4: 0.73104
  ── OOF AUC: 0.73144

========================================
[2/7] LGB63_s2024
  Fold 0: 0.73020
  Fold 1: 0.73615
  Fold 2: 0.73107
  Fold 3: 0.72856
  Fold 4: 0.73122
  ── OOF AUC: 0.73142

========================================
[3/7] LGB63_s777
  Fold 0: 0.73021
  Fold 1: 0.73580
  Fold 2: 0.73141
  Fold 3: 0.72923
  Fold 4: 0.73137
  ── OOF AUC: 0.73159

========================================
[4/7] LGB95_s42
  Fold 0: 0.72759
  Fold 1: 0.73259
  Fold 2: 0.72891
  Fold 3: 0.72724
  Fold 4: 0.72907
  ── OOF AUC: 0.72907

========================================
[5/7] LGB95_s2024
  Fold 0: 0.72749
  Fold 1: 0.73261
  Fold 2: 0.72801
  Fold 3: 0.72708
  Fold 4: 0.72933
  ── OOF AUC: 0.72889

========================================
[6/7] XGB_s42
  Fold 0: 0.73680
  Fold 1: 0.74197
  Fold 2: 0.73933
  Fold 3: 0.73784
  Fold 4: 0.73920
  ── OOF AUC: 0.73902

========================================
[7/7] XGB_s2024
  Fold 0: 0.73690
  Fold 1: 0.74188
  Fold 2: 0.73911
  Fold 3: 0.73775
  Fold 4: 0.73913
  ── OOF AUC: 0.73895

가중치 최적화 중...
단순 평균 OOF AUC: 0.73519
최적 OOF AUC: 0.73908
가중치: {'LGB63_s42': 0.0, 'LGB63_s2024': 0.0, 'LGB63_s777': 0.0, 'LGB95_s42': 0.0097, 'LGB95_s2024': 0.0, 'XGB_s42': 0.5546, 'XGB_s2024': 0.4358}
  로드: ag_raw_10h OOF 0.74126
  로드: ag8h OOF 0.74114
  로드: pseudo_v3 OOF 0.74080

블렌딩 단순평균: 0.74117
블렌딩 최적 OOF: 0.74139
블렌딩 가중치: {'v17': 0.0, 'ag_raw_10h': 0.6081, 'ag8h': 0.1241, 'pseudo_v3': 0.2678}

=======================================================
[A] v17 단독  : v17_alone_oof0.73908_20260429_1449.csv
[B] 최종블렌딩: v17_blend_oof0.74139_20260429_1449.csv  ← 제출 권장
=======================================================
