병합 후 Train: (256351, 82),  Test: (90067, 81)
기본 피처 수: 79,  TE 컬럼: ['시술 시기 코드', '특정 시술 유형']

========================================
[1/7] LGB63_s42
[300]	valid_0's binary_logloss: 0.489788
  Fold 0: 0.73708
[300]	valid_0's binary_logloss: 0.486424
  Fold 1: 0.74204
[300]	valid_0's binary_logloss: 0.488113
  Fold 2: 0.73918
  Fold 3: 0.73804
[300]	valid_0's binary_logloss: 0.488278
  Fold 4: 0.73952
  ── OOF AUC: 0.73916

========================================
[2/7] LGB63_s2024
[300]	valid_0's binary_logloss: 0.489788
  Fold 0: 0.73708
[300]	valid_0's binary_logloss: 0.486252
  Fold 1: 0.74252
[300]	valid_0's binary_logloss: 0.488265
  Fold 2: 0.73902
  Fold 3: 0.73771
[300]	valid_0's binary_logloss: 0.4884
  Fold 4: 0.73930
  ── OOF AUC: 0.73912

========================================
[3/7] LGB63_s777
[300]	valid_0's binary_logloss: 0.489723
  Fold 0: 0.73733
[300]	valid_0's binary_logloss: 0.486324
  Fold 1: 0.74238
[300]	valid_0's binary_logloss: 0.488235
  Fold 2: 0.73917
[300]	valid_0's binary_logloss: 0.489003
  Fold 3: 0.73798
[300]	valid_0's binary_logloss: 0.488354
  Fold 4: 0.73936
  ── OOF AUC: 0.73923

========================================
[4/7] LGB95_s42
[300]	valid_0's binary_logloss: 0.489879
  Fold 0: 0.73684
[300]	valid_0's binary_logloss: 0.486584
  Fold 1: 0.74203
[300]	valid_0's binary_logloss: 0.488013
  Fold 2: 0.73924
[300]	valid_0's binary_logloss: 0.489148
  Fold 3: 0.73765
[300]	valid_0's binary_logloss: 0.488455
  Fold 4: 0.73907
  ── OOF AUC: 0.73896

========================================
[5/7] LGB95_s2024
[300]	valid_0's binary_logloss: 0.489813
  Fold 0: 0.73670
[300]	valid_0's binary_logloss: 0.486379
  Fold 1: 0.74206
[300]	valid_0's binary_logloss: 0.488042
  Fold 2: 0.73940
[300]	valid_0's binary_logloss: 0.489155
  Fold 3: 0.73764
[300]	valid_0's binary_logloss: 0.48824
  Fold 4: 0.73955
  ── OOF AUC: 0.73906

========================================
[6/7] XGB_s42
  Fold 0: 0.73744
  Fold 1: 0.74237
  Fold 2: 0.73982
  Fold 3: 0.73813
  Fold 4: 0.73961
  ── OOF AUC: 0.73947

========================================
[7/7] XGB_s2024
  Fold 0: 0.73780
  Fold 1: 0.74263
  Fold 2: 0.73968
  Fold 3: 0.73809
  Fold 4: 0.73988
  ── OOF AUC: 0.73960

가중치 최적화 중...
단순 평균 OOF AUC: 0.73959
최적 OOF AUC: 0.73972
가중치: {'LGB63_s42': 0.0, 'LGB63_s2024': 0.0, 'LGB63_s777': 0.1485, 'LGB95_s42': 0.0, 'LGB95_s2024': 0.1323, 'XGB_s42': 0.2267, 'XGB_s2024': 0.4925}
  로드: ag_raw_10h OOF 0.74126
  로드: ag8h OOF 0.74114
  로드: pseudo_v3 OOF 0.74080

블렌딩 단순평균: 0.74122
블렌딩 최적 OOF: 0.74139
블렌딩 가중치: {'v18': 0.0, 'ag_raw_10h': 0.5956, 'ag8h': 0.1289, 'pseudo_v3': 0.2756}
저장: /Users/rogan/해커톤_난임 환자 대상 임신 성공 여부 예측 AI /이번대회자료/v18_alone_oof0.73972_20260429_1507.csv
저장: /Users/rogan/해커톤_난임 환자 대상 임신 성공 여부 예측 AI /이번대회자료/v18_blend_oof0.74139_20260429_1507.csv

=======================================================
[A] v18 단독  : v18_alone_oof0.73972_20260429_1507.csv
[B] 최종블렌딩: v18_blend_oof0.74139_20260429_1507.csv  ← 제출 권장
=======================================================
