Train: (256351, 80),  Test: (90067, 79)
피처 수: 79

Pseudo label 생성: pos=2703 (rank≥0.97), neg=2702 (rank≤0.03), 총=5405
원본 train 256351 + pseudo 5405 = 총 261756

==================================================
[Seed 1/3] random_seed=42
  Fold 0: AUC=0.73725  (best_iter=497)
  Fold 1: AUC=0.74236  (best_iter=660)
  Fold 2: AUC=0.73961  (best_iter=544)
  Fold 3: AUC=0.73734  (best_iter=532)
  Fold 4: AUC=0.73923  (best_iter=442)
  ── Seed OOF AUC: 0.73915

==================================================
[Seed 2/3] random_seed=2024
  Fold 0: AUC=0.73720  (best_iter=511)
  Fold 1: AUC=0.74237  (best_iter=738)
  Fold 2: AUC=0.73914  (best_iter=504)
  Fold 3: AUC=0.73725  (best_iter=593)
  Fold 4: AUC=0.73949  (best_iter=505)
  ── Seed OOF AUC: 0.73908

==================================================
[Seed 3/3] random_seed=777
  Fold 0: AUC=0.73732  (best_iter=484)
  Fold 1: AUC=0.74227  (best_iter=644)
  Fold 2: AUC=0.73924  (best_iter=684)
  Fold 3: AUC=0.73710  (best_iter=545)
  Fold 4: AUC=0.73918  (best_iter=484)
  ── Seed OOF AUC: 0.73901

3-seed 평균 OOF AUC: 0.73924
최적 seed 가중치 OOF: 0.73925
seed 가중치: {'s42': 0.4529, 's2024': 0.354, 's777': 0.1931}
  로드: ag_raw_10h OOF 0.74126
  로드: ag8h OOF 0.74114
  로드: pseudo_v3 OOF 0.74080

블렌딩 단순평균: 0.74121
블렌딩 최적 OOF: 0.74139
블렌딩 가중치: {'v19': 0.0, 'ag_raw_10h': 0.6082, 'ag8h': 0.1241, 'pseudo_v3': 0.2678}
저장: /Users/rogan/해커톤_난임 환자 대상 임신 성공 여부 예측 AI /이번대회자료/v19_alone_oof0.73925_20260429_1515.csv
저장: /Users/rogan/해커톤_난임 환자 대상 임신 성공 여부 예측 AI /이번대회자료/v19_blend_oof0.74139_20260429_1515.csv

============================================================
[A] v19 단독   : v19_alone_oof0.73925_20260429_1515.csv
[B] 최종블렌딩 : v19_blend_oof0.74139_20260429_1515.csv  ← 제출 권장
v19 기여도(weight): 0.0000
============================================================
